// Vitest Snapshot v1, https://vitest.dev/guide/snapshot.html

exports[`buildFullBodySequence — the 12-fork ladder > is byte-identical across invocations and matches the golden snapshot 1`] = `
[
  {
    "fork": null,
    "holdSec": 150,
    "hz": 136.1,
    "idx": 0,
    "phaseLabel": "Opening Ground",
    "planet": "Earth",
    "purpose": "settle the field and prepare the body",
    "role": "ground",
    "slotLabel": "ground",
    "startSec": 0,
  },
  {
    "fork": {
      "ANSEffect": "Deep parasympathetic — the limbic system is the emotional brain. Neptune's frequency through the temporal bones activates the limbic-vagal circuit, which governs emotional memory release, spiritual experience, and the nervous system states associated with deep meditation and visionary work.",
      "boneApplicationPoint": "Temporal bones, sphenoid base, occipital base — cranial base bones",
      "brainwaveAffinity": "Theta-Delta bridge (3–7 Hz)",
      "brainwaveState": "Dream-adjacent states, spiritual vision, emotional memory integration, subconscious healing, dissolution of ego-boundaries",
      "chakra": "Third Eye",
      "clinicalNote": "Neptune is the frequency of the unseen and the deeply felt. Apply very gently to the temporal bones or hold the vibrating fork in the field near the ears without contact. Many clients report visual imagery, emotional release, or dream-like states. This is the appropriate frequency for trauma integration work where direct body contact may feel too activating.",
      "color": "#C084FC",
      "hz": "211.44",
      "nervePlexus": "Pineal-Hypothalamic Axis + Limbic System (amygdala, hippocampus, thalamus)",
      "note": "G#",
      "planet": "Neptune",
      "solfeggioFallback": 852,
      "vagusConnection": "Direct — limbic-vagal circuits govern emotional memory, spiritual experience, and the integration of conscious and unconscious nervous system states",
      "vagusStrength": "Medium — via limbic-vagal pathway",
    },
    "holdSec": 95,
    "hz": 211.44,
    "idx": 1,
    "phaseLabel": "Ascent · Pisces · Feet",
    "planet": "Neptune",
    "purpose": "rest the tone at the soles of the feet — the body’s furthest shore",
    "role": "signalFork",
    "sign": "Pisces",
    "slotLabel": "signal",
    "startSec": 150,
  },
  {
    "fork": {
      "ANSEffect": "Neural activation — Uranus stimulates the peripheral nervous system's electrical conduction capacity. Applied to the forearms or clavicle, it activates the brachial plexus and promotes neural flexibility. Use when a client is stuck in a fixed pattern, cognitively rigid, or needing a circuit-breaker shift.",
      "boneApplicationPoint": "Ulna and radius (forearms), clavicle, scapula, C7 (prominent cervical vertebra)",
      "brainwaveAffinity": "Gamma (30–100 Hz carrier)",
      "brainwaveState": "Neural plasticity, sudden insight, pattern disruption, synaptic reorganization, electrical neural activation",
      "chakra": "Extended",
      "clinicalNote": "Uranus is the great disruptor. In nervous system terms, it promotes neuroplasticity — the brain's ability to form new pathways. Apply to both forearms simultaneously when possible, or alternate. The electrical sensation of the Uranus fork along the arm's neural pathways is often the most physically noticeable of all the Sacred Tones forks.",
      "color": "#38BDF8",
      "hz": "207.36",
      "nervePlexus": "Brachial Plexus + Peripheral Nervous System — electrical conduction pathways",
      "note": "G#",
      "planet": "Uranus",
      "vagusConnection": "Indirect — through peripheral sensory integration and ascending neural input",
      "vagusStrength": "Low",
    },
    "holdSec": 95,
    "hz": 207.36,
    "idx": 2,
    "phaseLabel": "Ascent · Aquarius · Ankles & calves",
    "planet": "Uranus",
    "purpose": "let the tone circle the ankles and calves — the current lines of the legs",
    "role": "signalFork",
    "sign": "Aquarius",
    "slotLabel": "signal",
    "startSec": 245,
  },
  {
    "fork": {
      "ANSEffect": "Deep parasympathetic — activates the slow-wave, deeply held nervous system patterns stored in bone tissue and periosteal nerve endings. Saturn governs the skeleton — which is the body's physical frame and its most ancient biological memory system.",
      "boneApplicationPoint": "Femur shaft, tibia, sternum, and cranial sutures — long bones and structural bones of the skeleton",
      "brainwaveAffinity": "Delta-Theta bridge (2–6 Hz)",
      "brainwaveState": "Deep structural healing, somatic memory in bone tissue, ancestral body patterns, skeletal system reset",
      "chakra": "Extended",
      "clinicalNote": "Bones store trauma. This is now supported by research showing that osteocalcin (a hormone secreted by bone cells) regulates stress responses and memory. Saturn frequency applied via bone conduction accesses the most deeply held somatic patterns. Appropriate for clients working on ancestral trauma, chronic structural pain, or deeply rooted nervous system dysregulation.",
      "color": "#94A3B8",
      "hz": "147.85",
      "nervePlexus": "Periosteal Nerve Endings + Deep Somatic Sensory Pathways (bone innervation)",
      "note": "D#",
      "planet": "Saturn",
      "vagusConnection": "Indirect — deep somatic afferent pathways ascending to vagal nuclei",
      "vagusStrength": "Low — deep structural pathway",
    },
    "holdSec": 95,
    "hz": 147.85,
    "idx": 3,
    "phaseLabel": "Ascent · Capricorn · Knees & bones",
    "planet": "Saturn",
    "purpose": "settle the tone at the knees — the architecture that carries you",
    "role": "signalFork",
    "sign": "Capricorn",
    "slotLabel": "signal",
    "startSec": 340,
  },
  {
    "fork": {
      "ANSEffect": "Parasympathetic — vagal hepatic stimulation supports liver detoxification processes, bile flow, and the emotional release patterns held in the liver according to both Eastern medicine and somatic psychology.",
      "boneApplicationPoint": "Right lateral ribs (over the liver, ribs 7-10), T8-T10 thoracic vertebrae",
      "brainwaveAffinity": "Alpha-Beta bridge (10–15 Hz)",
      "brainwaveState": "Metabolic ease, expansive mental states, digestive activation, liver-emotion processing (anger/frustration release)",
      "chakra": "Crown",
      "clinicalNote": "In Chinese medicine, the liver stores unexpressed anger and frustration. In anatomy, the liver is the largest internal organ and a primary site of metabolic processing. The Jupiter fork at the right lateral ribs activates both the hepatic vagal pathway and the somatic release of stored liver tension. Clients may experience a spontaneous exhale, warmth, or emotional softening.",
      "color": "#818CF8",
      "hz": "183.58",
      "nervePlexus": "Hepatic Plexus + Splenic Plexus (liver and digestive organ innervation)",
      "note": "F#",
      "planet": "Jupiter",
      "solfeggioFallback": 963,
      "vagusConnection": "Direct — the vagus nerve innervates the liver directly via the hepatic branch. This is a primary vagal organ target.",
      "vagusStrength": "Medium-High — hepatic vagal branch",
    },
    "holdSec": 95,
    "hz": 183.58,
    "idx": 4,
    "phaseLabel": "Ascent · Sagittarius · Hips & thighs",
    "planet": "Jupiter",
    "purpose": "open the tone across the hips and thighs — the long muscles of momentum",
    "role": "signalFork",
    "sign": "Sagittarius",
    "slotLabel": "signal",
    "startSec": 435,
  },
  {
    "fork": {
      "ANSEffect": "Deep parasympathetic — the pelvic parasympathetics (S2-S4) govern the body's deepest release mechanisms: elimination, cellular turnover, reproductive regeneration. Pluto frequency accesses the body's most primal biological intelligence. This is the frequency of deep cellular reset.",
      "boneApplicationPoint": "Sacrum, coccyx, pubic symphysis — the deepest pelvic bones",
      "brainwaveAffinity": "Delta (0.5–4 Hz)",
      "brainwaveState": "Cellular regeneration, deep unconscious processing, purging of stored biological and emotional material, rebirth states",
      "chakra": "Extended",
      "clinicalNote": "Pluto is the most powerful and should be used with intention. Apply to the sacrum or coccyx. Clients may experience deep involuntary release: breath, emotion, physical trembling, or profound stillness. This is normal — it is the nervous system purging stored activation. Always close a Pluto application with the Earth Day (Root) fork to restore ground, and the Heart (Earth Year) fork to re-establish safety.",
      "color": "#F87171",
      "hz": "140.25",
      "nervePlexus": "Deep Pelvic Plexus (Inferior Hypogastric Plexus) + Cellular Autonomic Nerve Endings",
      "note": "C#",
      "planet": "Pluto",
      "vagusConnection": "Indirect — pelvic parasympathetic nerves (S2-S4 pelvic splanchnic) mirror and complement vagal function in the lower body. The pelvic parasympathetics are the sacral vagus.",
      "vagusStrength": "Medium — via pelvic parasympathetic pathway (sacral vagus analog)",
    },
    "holdSec": 95,
    "hz": 140.25,
    "idx": 5,
    "phaseLabel": "Ascent · Scorpio · Pelvis & sacrum",
    "planet": "Pluto",
    "purpose": "ground the tone low at the sacrum — the deep root of the spine",
    "role": "signalFork",
    "sign": "Scorpio",
    "slotLabel": "signal",
    "startSec": 530,
  },
  {
    "fork": {
      "ANSEffect": "Neural coherence — modulates the master neuroendocrine axis (hypothalamus-pituitary-adrenal). The hypothalamic-vagal connection governs the body's autonomic setpoint — where the nervous system defaults to under stress. Resetting this is the deepest nervous system work.",
      "boneApplicationPoint": "Sphenoid bone (behind the eye socket), frontal bone (center of forehead), occiput (base of skull, posterior)",
      "brainwaveAffinity": "Theta-Gamma bridge (intuitive and integrative states)",
      "brainwaveState": "Intuitive insight, pineal activation, pattern recognition, neuroendocrine reset, visual cortex activation",
      "chakra": "Heart",
      "clinicalNote": "The sphenoid is the central bone of the cranium — it connects to every other cranial bone. It is a primary bone in craniosacral therapy. The Venus fork at the occiput (base of skull) accesses the cranial base and the junction between the skull and the spinal column — a major site of nervous system compression and release.",
      "color": "#818CF8",
      "hz": "221.23",
      "nervePlexus": "Cavernous Plexus + Hypothalamic-Pituitary Axis + Ophthalmic branch of Trigeminal Nerve (CN V)",
      "note": "A",
      "planet": "Venus",
      "solfeggioFallback": 639,
      "vagusConnection": "Indirect — hypothalamic modulation of the dorsal vagal complex in the brainstem. Hypothalamic-vagal axis governs stress hormones and autonomic setpoint.",
      "vagusStrength": "Medium — via neuroendocrine pathway",
    },
    "holdSec": 95,
    "hz": 221.23,
    "idx": 6,
    "phaseLabel": "Ascent · Libra · Lower back & kidneys",
    "planet": "Venus",
    "purpose": "warm the tone across the lower back — the balance point of the torso",
    "role": "signalFork",
    "sign": "Libra",
    "slotLabel": "signal",
    "startSec": 625,
  },
  {
    "fork": {
      "ANSEffect": "Parasympathetic — laryngeal nerve stimulation activates vagal tone immediately and measurably. The mastoid application is used in clinical vagus nerve stimulation protocols. Clients with thyroid dysregulation, voice loss, fear of speaking, or cervical tension respond rapidly.",
      "boneApplicationPoint": "Mastoid process (behind the ear — primary vagal bone conduction point), C1-C2 atlas/axis vertebrae, hyoid bone",
      "brainwaveAffinity": "Alpha (8–12 Hz)",
      "brainwaveState": "Clear expression, mental coherence, throat release, truth-telling, laryngeal relaxation",
      "chakra": "Throat",
      "clinicalNote": "The mastoid process (the bony protrusion directly behind the earlobe) is the practitioner's primary access point to the vagus nerve via bone conduction. Apply the Mercury fork here at the start of any session requiring nervous system downregulation. This is the fastest single-point vagal entry in the body accessible without specialized equipment.",
      "color": "#38BDF8",
      "hz": "141.27",
      "nervePlexus": "Cervical Plexus (C1-C4) + Laryngeal Nerve (direct branch of Vagus, CN X)",
      "note": "G",
      "planet": "Mercury",
      "solfeggioFallback": 741,
      "vagusConnection": "Direct — the laryngeal nerve is a branch of the vagus. The mastoid process is the standard clinical entry point for vagal stimulation via bone-conducted sound in sound therapy.",
      "vagusStrength": "Direct-Primary",
    },
    "holdSec": 95,
    "hz": 141.27,
    "idx": 7,
    "phaseLabel": "Ascent · Virgo · Gut & digestion",
    "planet": "Mercury",
    "purpose": "rest the tone over the abdomen — the body’s sorting center",
    "role": "signalFork",
    "sign": "Virgo",
    "slotLabel": "signal",
    "startSec": 720,
  },
  {
    "fork": {
      "ANSEffect": "Sympathetic-Parasympathetic bridge — the celiac plexus is literally the anatomical 'solar plexus.' Regulates the gut-brain axis, digestive fire, metabolic processing. Vagal stimulation here reduces gut inflammation and stress-held tension.",
      "boneApplicationPoint": "Lower thoracic vertebrae T10-T12, floating ribs (11-12), lower sternum",
      "brainwaveAffinity": "Alpha (8–12 Hz)",
      "brainwaveState": "Relaxed focus, gut-brain coherence, digestive ease, personal power without stress activation",
      "chakra": "Solar Plexus",
      "clinicalNote": "The enteric nervous system is the most autonomous nerve network in the body — it functions independently of the brain. Clients with IBS, digestive disorders, anxiety held in the gut, or trauma responses centered in the belly respond profoundly here. The Sun fork at 126.22 Hz is one of the most clinically versatile in the Sacred Tones system.",
      "color": "#FDE047",
      "hz": "126.22",
      "nervePlexus": "Celiac Plexus + Enteric Nervous System (second brain — 500 million neurons)",
      "note": "C",
      "planet": "Sun",
      "solfeggioFallback": 528,
      "vagusConnection": "Direct — the vagus nerve sends primary branches to the celiac plexus and entire gut via the hepatic and gastric branches",
      "vagusStrength": "High",
    },
    "holdSec": 95,
    "hz": 126.22,
    "idx": 8,
    "phaseLabel": "Ascent · Leo · Heart & spine",
    "planet": "Sun",
    "purpose": "bring the tone to the heart center — the hearth of the whole field",
    "role": "signalFork",
    "sign": "Leo",
    "slotLabel": "signal",
    "startSec": 815,
  },
  {
    "fork": {
      "ANSEffect": "Parasympathetic — pelvic floor release, emotional nervous system regulation, promotes fluid movement in sacral-cranial rhythm",
      "boneApplicationPoint": "Iliac crests (hip bones), sacrum, L4-L5 lumbar vertebrae",
      "brainwaveAffinity": "Theta (4–8 Hz)",
      "brainwaveState": "Creative flow, emotional processing, subconscious access, somatic memory release",
      "chakra": "Sacral",
      "clinicalNote": "The sacral plexus governs creative and reproductive nerve flow. Clients holding trauma in the pelvis will often respond strongly to this fork. Apply to the iliac crest bilaterally for maximum sacral plexus activation. Works in tandem with the craniosacral rhythm — observe for breath changes.",
      "color": "#FB923C",
      "hz": "210.42",
      "nervePlexus": "Sacral Plexus (L4-S3) + Lumbosacral Trunk",
      "note": "G#",
      "planet": "Full Moon",
      "solfeggioFallback": 417,
      "vagusConnection": "Indirect — pelvic splanchnic nerves interface with the enteric nervous system",
      "vagusStrength": "Low-Medium",
    },
    "holdSec": 95,
    "hz": 210.42,
    "idx": 9,
    "phaseLabel": "Ascent · Cancer · Chest & stomach",
    "planet": "Moon",
    "purpose": "soften the tone at the chest — where the inner tides gather",
    "role": "signalFork",
    "sign": "Cancer",
    "slotLabel": "signal",
    "startSec": 910,
  },
  {
    "fork": {
      "ANSEffect": "Parasympathetic — laryngeal nerve stimulation activates vagal tone immediately and measurably. The mastoid application is used in clinical vagus nerve stimulation protocols. Clients with thyroid dysregulation, voice loss, fear of speaking, or cervical tension respond rapidly.",
      "boneApplicationPoint": "Mastoid process (behind the ear — primary vagal bone conduction point), C1-C2 atlas/axis vertebrae, hyoid bone",
      "brainwaveAffinity": "Alpha (8–12 Hz)",
      "brainwaveState": "Clear expression, mental coherence, throat release, truth-telling, laryngeal relaxation",
      "chakra": "Throat",
      "clinicalNote": "The mastoid process (the bony protrusion directly behind the earlobe) is the practitioner's primary access point to the vagus nerve via bone conduction. Apply the Mercury fork here at the start of any session requiring nervous system downregulation. This is the fastest single-point vagal entry in the body accessible without specialized equipment.",
      "color": "#38BDF8",
      "hz": "141.27",
      "nervePlexus": "Cervical Plexus (C1-C4) + Laryngeal Nerve (direct branch of Vagus, CN X)",
      "note": "G",
      "planet": "Mercury",
      "solfeggioFallback": 741,
      "vagusConnection": "Direct — the laryngeal nerve is a branch of the vagus. The mastoid process is the standard clinical entry point for vagal stimulation via bone-conducted sound in sound therapy.",
      "vagusStrength": "Direct-Primary",
    },
    "holdSec": 95,
    "hz": 141.27,
    "idx": 10,
    "phaseLabel": "Ascent · Gemini · Lungs, arms & hands",
    "planet": "Mercury",
    "purpose": "carry the tone along the arms to the hands — breath and reach",
    "role": "signalFork",
    "sign": "Gemini",
    "slotLabel": "signal",
    "startSec": 1005,
  },
  {
    "fork": {
      "ANSEffect": "Neural coherence — modulates the master neuroendocrine axis (hypothalamus-pituitary-adrenal). The hypothalamic-vagal connection governs the body's autonomic setpoint — where the nervous system defaults to under stress. Resetting this is the deepest nervous system work.",
      "boneApplicationPoint": "Sphenoid bone (behind the eye socket), frontal bone (center of forehead), occiput (base of skull, posterior)",
      "brainwaveAffinity": "Theta-Gamma bridge (intuitive and integrative states)",
      "brainwaveState": "Intuitive insight, pineal activation, pattern recognition, neuroendocrine reset, visual cortex activation",
      "chakra": "Heart",
      "clinicalNote": "The sphenoid is the central bone of the cranium — it connects to every other cranial bone. It is a primary bone in craniosacral therapy. The Venus fork at the occiput (base of skull) accesses the cranial base and the junction between the skull and the spinal column — a major site of nervous system compression and release.",
      "color": "#818CF8",
      "hz": "221.23",
      "nervePlexus": "Cavernous Plexus + Hypothalamic-Pituitary Axis + Ophthalmic branch of Trigeminal Nerve (CN V)",
      "note": "A",
      "planet": "Venus",
      "solfeggioFallback": 639,
      "vagusConnection": "Indirect — hypothalamic modulation of the dorsal vagal complex in the brainstem. Hypothalamic-vagal axis governs stress hormones and autonomic setpoint.",
      "vagusStrength": "Medium — via neuroendocrine pathway",
    },
    "holdSec": 95,
    "hz": 221.23,
    "idx": 11,
    "phaseLabel": "Ascent · Taurus · Neck & throat",
    "planet": "Venus",
    "purpose": "rest the tone at the throat — the voice’s home ground",
    "role": "signalFork",
    "sign": "Taurus",
    "slotLabel": "signal",
    "startSec": 1100,
  },
  {
    "fork": {
      "ANSEffect": "Sympathetic activation — Mars is one of the few planets in the Sacred Tones system that intentionally stimulates sympathetic tone. Use when the client is hypo-aroused, disconnected, or needing energy activation rather than calming. Do not use at the end of a session.",
      "boneApplicationPoint": "Femur (thigh bone shaft), tibial shaft, L1-L3 lumbar vertebrae",
      "brainwaveAffinity": "Beta (12–30 Hz)",
      "brainwaveState": "Physical activation, muscular engagement, decision-making, willpower, adrenal drive",
      "chakra": "Extended",
      "clinicalNote": "Mars is a mobilizing force. Apply to the femur or tibia for physical grounding through activation rather than sedation. Useful for clients in heavy, low-vitality states — flat mood, deep fatigue, disconnection from the body. Always follow with a parasympathetic frequency (Heart or Root) to integrate.",
      "color": "#F87171",
      "hz": "144.72",
      "nervePlexus": "Lumbar Plexus (L1-L4) + Motor Cortex Descending Pathways",
      "note": "D",
      "planet": "Mars",
      "vagusConnection": "Indirect — through spinal motor pathways and ascending proprioceptive input",
      "vagusStrength": "Low",
    },
    "holdSec": 95,
    "hz": 144.72,
    "idx": 12,
    "phaseLabel": "Ascent · Aries · Head & crown",
    "planet": "Mars",
    "purpose": "crown the tone at the head — the summit of the ladder",
    "role": "signalFork",
    "sign": "Aries",
    "slotLabel": "signal",
    "startSec": 1195,
  },
  {
    "fork": null,
    "holdSec": 60,
    "hz": 0,
    "idx": 13,
    "phaseLabel": "Crown Turn",
    "planet": "Breath",
    "purpose": "hold at the top — three slow breaths before the descent",
    "role": "breathwork",
    "slotLabel": "breath",
    "startSec": 1290,
  },
  {
    "fork": {
      "ANSEffect": "Sympathetic activation — Mars is one of the few planets in the Sacred Tones system that intentionally stimulates sympathetic tone. Use when the client is hypo-aroused, disconnected, or needing energy activation rather than calming. Do not use at the end of a session.",
      "boneApplicationPoint": "Femur (thigh bone shaft), tibial shaft, L1-L3 lumbar vertebrae",
      "brainwaveAffinity": "Beta (12–30 Hz)",
      "brainwaveState": "Physical activation, muscular engagement, decision-making, willpower, adrenal drive",
      "chakra": "Extended",
      "clinicalNote": "Mars is a mobilizing force. Apply to the femur or tibia for physical grounding through activation rather than sedation. Useful for clients in heavy, low-vitality states — flat mood, deep fatigue, disconnection from the body. Always follow with a parasympathetic frequency (Heart or Root) to integrate.",
      "color": "#F87171",
      "hz": "144.72",
      "nervePlexus": "Lumbar Plexus (L1-L4) + Motor Cortex Descending Pathways",
      "note": "D",
      "planet": "Mars",
      "vagusConnection": "Indirect — through spinal motor pathways and ascending proprioceptive input",
      "vagusStrength": "Low",
    },
    "holdSec": 50,
    "hz": 144.72,
    "idx": 14,
    "phaseLabel": "Descent · Aries · Head & crown",
    "planet": "Mars",
    "purpose": "returning — a lighter pass at the head & crown",
    "role": "signalFork",
    "sign": "Aries",
    "slotLabel": "signal",
    "startSec": 1350,
  },
  {
    "fork": {
      "ANSEffect": "Neural coherence — modulates the master neuroendocrine axis (hypothalamus-pituitary-adrenal). The hypothalamic-vagal connection governs the body's autonomic setpoint — where the nervous system defaults to under stress. Resetting this is the deepest nervous system work.",
      "boneApplicationPoint": "Sphenoid bone (behind the eye socket), frontal bone (center of forehead), occiput (base of skull, posterior)",
      "brainwaveAffinity": "Theta-Gamma bridge (intuitive and integrative states)",
      "brainwaveState": "Intuitive insight, pineal activation, pattern recognition, neuroendocrine reset, visual cortex activation",
      "chakra": "Heart",
      "clinicalNote": "The sphenoid is the central bone of the cranium — it connects to every other cranial bone. It is a primary bone in craniosacral therapy. The Venus fork at the occiput (base of skull) accesses the cranial base and the junction between the skull and the spinal column — a major site of nervous system compression and release.",
      "color": "#818CF8",
      "hz": "221.23",
      "nervePlexus": "Cavernous Plexus + Hypothalamic-Pituitary Axis + Ophthalmic branch of Trigeminal Nerve (CN V)",
      "note": "A",
      "planet": "Venus",
      "solfeggioFallback": 639,
      "vagusConnection": "Indirect — hypothalamic modulation of the dorsal vagal complex in the brainstem. Hypothalamic-vagal axis governs stress hormones and autonomic setpoint.",
      "vagusStrength": "Medium — via neuroendocrine pathway",
    },
    "holdSec": 50,
    "hz": 221.23,
    "idx": 15,
    "phaseLabel": "Descent · Taurus · Neck & throat",
    "planet": "Venus",
    "purpose": "returning — a lighter pass at the neck & throat",
    "role": "signalFork",
    "sign": "Taurus",
    "slotLabel": "signal",
    "startSec": 1400,
  },
  {
    "fork": {
      "ANSEffect": "Parasympathetic — laryngeal nerve stimulation activates vagal tone immediately and measurably. The mastoid application is used in clinical vagus nerve stimulation protocols. Clients with thyroid dysregulation, voice loss, fear of speaking, or cervical tension respond rapidly.",
      "boneApplicationPoint": "Mastoid process (behind the ear — primary vagal bone conduction point), C1-C2 atlas/axis vertebrae, hyoid bone",
      "brainwaveAffinity": "Alpha (8–12 Hz)",
      "brainwaveState": "Clear expression, mental coherence, throat release, truth-telling, laryngeal relaxation",
      "chakra": "Throat",
      "clinicalNote": "The mastoid process (the bony protrusion directly behind the earlobe) is the practitioner's primary access point to the vagus nerve via bone conduction. Apply the Mercury fork here at the start of any session requiring nervous system downregulation. This is the fastest single-point vagal entry in the body accessible without specialized equipment.",
      "color": "#38BDF8",
      "hz": "141.27",
      "nervePlexus": "Cervical Plexus (C1-C4) + Laryngeal Nerve (direct branch of Vagus, CN X)",
      "note": "G",
      "planet": "Mercury",
      "solfeggioFallback": 741,
      "vagusConnection": "Direct — the laryngeal nerve is a branch of the vagus. The mastoid process is the standard clinical entry point for vagal stimulation via bone-conducted sound in sound therapy.",
      "vagusStrength": "Direct-Primary",
    },
    "holdSec": 50,
    "hz": 141.27,
    "idx": 16,
    "phaseLabel": "Descent · Gemini · Lungs, arms & hands",
    "planet": "Mercury",
    "purpose": "returning — a lighter pass at the lungs, arms & hands",
    "role": "signalFork",
    "sign": "Gemini",
    "slotLabel": "signal",
    "startSec": 1450,
  },
  {
    "fork": {
      "ANSEffect": "Parasympathetic — pelvic floor release, emotional nervous system regulation, promotes fluid movement in sacral-cranial rhythm",
      "boneApplicationPoint": "Iliac crests (hip bones), sacrum, L4-L5 lumbar vertebrae",
      "brainwaveAffinity": "Theta (4–8 Hz)",
      "brainwaveState": "Creative flow, emotional processing, subconscious access, somatic memory release",
      "chakra": "Sacral",
      "clinicalNote": "The sacral plexus governs creative and reproductive nerve flow. Clients holding trauma in the pelvis will often respond strongly to this fork. Apply to the iliac crest bilaterally for maximum sacral plexus activation. Works in tandem with the craniosacral rhythm — observe for breath changes.",
      "color": "#FB923C",
      "hz": "210.42",
      "nervePlexus": "Sacral Plexus (L4-S3) + Lumbosacral Trunk",
      "note": "G#",
      "planet": "Full Moon",
      "solfeggioFallback": 417,
      "vagusConnection": "Indirect — pelvic splanchnic nerves interface with the enteric nervous system",
      "vagusStrength": "Low-Medium",
    },
    "holdSec": 50,
    "hz": 210.42,
    "idx": 17,
    "phaseLabel": "Descent · Cancer · Chest & stomach",
    "planet": "Moon",
    "purpose": "returning — a lighter pass at the chest & stomach",
    "role": "signalFork",
    "sign": "Cancer",
    "slotLabel": "signal",
    "startSec": 1500,
  },
  {
    "fork": {
      "ANSEffect": "Sympathetic-Parasympathetic bridge — the celiac plexus is literally the anatomical 'solar plexus.' Regulates the gut-brain axis, digestive fire, metabolic processing. Vagal stimulation here reduces gut inflammation and stress-held tension.",
      "boneApplicationPoint": "Lower thoracic vertebrae T10-T12, floating ribs (11-12), lower sternum",
      "brainwaveAffinity": "Alpha (8–12 Hz)",
      "brainwaveState": "Relaxed focus, gut-brain coherence, digestive ease, personal power without stress activation",
      "chakra": "Solar Plexus",
      "clinicalNote": "The enteric nervous system is the most autonomous nerve network in the body — it functions independently of the brain. Clients with IBS, digestive disorders, anxiety held in the gut, or trauma responses centered in the belly respond profoundly here. The Sun fork at 126.22 Hz is one of the most clinically versatile in the Sacred Tones system.",
      "color": "#FDE047",
      "hz": "126.22",
      "nervePlexus": "Celiac Plexus + Enteric Nervous System (second brain — 500 million neurons)",
      "note": "C",
      "planet": "Sun",
      "solfeggioFallback": 528,
      "vagusConnection": "Direct — the vagus nerve sends primary branches to the celiac plexus and entire gut via the hepatic and gastric branches",
      "vagusStrength": "High",
    },
    "holdSec": 50,
    "hz": 126.22,
    "idx": 18,
    "phaseLabel": "Descent · Leo · Heart & spine",
    "planet": "Sun",
    "purpose": "returning — a lighter pass at the heart & spine",
    "role": "signalFork",
    "sign": "Leo",
    "slotLabel": "signal",
    "startSec": 1550,
  },
  {
    "fork": {
      "ANSEffect": "Parasympathetic — laryngeal nerve stimulation activates vagal tone immediately and measurably. The mastoid application is used in clinical vagus nerve stimulation protocols. Clients with thyroid dysregulation, voice loss, fear of speaking, or cervical tension respond rapidly.",
      "boneApplicationPoint": "Mastoid process (behind the ear — primary vagal bone conduction point), C1-C2 atlas/axis vertebrae, hyoid bone",
      "brainwaveAffinity": "Alpha (8–12 Hz)",
      "brainwaveState": "Clear expression, mental coherence, throat release, truth-telling, laryngeal relaxation",
      "chakra": "Throat",
      "clinicalNote": "The mastoid process (the bony protrusion directly behind the earlobe) is the practitioner's primary access point to the vagus nerve via bone conduction. Apply the Mercury fork here at the start of any session requiring nervous system downregulation. This is the fastest single-point vagal entry in the body accessible without specialized equipment.",
      "color": "#38BDF8",
      "hz": "141.27",
      "nervePlexus": "Cervical Plexus (C1-C4) + Laryngeal Nerve (direct branch of Vagus, CN X)",
      "note": "G",
      "planet": "Mercury",
      "solfeggioFallback": 741,
      "vagusConnection": "Direct — the laryngeal nerve is a branch of the vagus. The mastoid process is the standard clinical entry point for vagal stimulation via bone-conducted sound in sound therapy.",
      "vagusStrength": "Direct-Primary",
    },
    "holdSec": 50,
    "hz": 141.27,
    "idx": 19,
    "phaseLabel": "Descent · Virgo · Gut & digestion",
    "planet": "Mercury",
    "purpose": "returning — a lighter pass at the gut & digestion",
    "role": "signalFork",
    "sign": "Virgo",
    "slotLabel": "signal",
    "startSec": 1600,
  },
  {
    "fork": {
      "ANSEffect": "Neural coherence — modulates the master neuroendocrine axis (hypothalamus-pituitary-adrenal). The hypothalamic-vagal connection governs the body's autonomic setpoint — where the nervous system defaults to under stress. Resetting this is the deepest nervous system work.",
      "boneApplicationPoint": "Sphenoid bone (behind the eye socket), frontal bone (center of forehead), occiput (base of skull, posterior)",
      "brainwaveAffinity": "Theta-Gamma bridge (intuitive and integrative states)",
      "brainwaveState": "Intuitive insight, pineal activation, pattern recognition, neuroendocrine reset, visual cortex activation",
      "chakra": "Heart",
      "clinicalNote": "The sphenoid is the central bone of the cranium — it connects to every other cranial bone. It is a primary bone in craniosacral therapy. The Venus fork at the occiput (base of skull) accesses the cranial base and the junction between the skull and the spinal column — a major site of nervous system compression and release.",
      "color": "#818CF8",
      "hz": "221.23",
      "nervePlexus": "Cavernous Plexus + Hypothalamic-Pituitary Axis + Ophthalmic branch of Trigeminal Nerve (CN V)",
      "note": "A",
      "planet": "Venus",
      "solfeggioFallback": 639,
      "vagusConnection": "Indirect — hypothalamic modulation of the dorsal vagal complex in the brainstem. Hypothalamic-vagal axis governs stress hormones and autonomic setpoint.",
      "vagusStrength": "Medium — via neuroendocrine pathway",
    },
    "holdSec": 50,
    "hz": 221.23,
    "idx": 20,
    "phaseLabel": "Descent · Libra · Lower back & kidneys",
    "planet": "Venus",
    "purpose": "returning — a lighter pass at the lower back & kidneys",
    "role": "signalFork",
    "sign": "Libra",
    "slotLabel": "signal",
    "startSec": 1650,
  },
  {
    "fork": {
      "ANSEffect": "Deep parasympathetic — the pelvic parasympathetics (S2-S4) govern the body's deepest release mechanisms: elimination, cellular turnover, reproductive regeneration. Pluto frequency accesses the body's most primal biological intelligence. This is the frequency of deep cellular reset.",
      "boneApplicationPoint": "Sacrum, coccyx, pubic symphysis — the deepest pelvic bones",
      "brainwaveAffinity": "Delta (0.5–4 Hz)",
      "brainwaveState": "Cellular regeneration, deep unconscious processing, purging of stored biological and emotional material, rebirth states",
      "chakra": "Extended",
      "clinicalNote": "Pluto is the most powerful and should be used with intention. Apply to the sacrum or coccyx. Clients may experience deep involuntary release: breath, emotion, physical trembling, or profound stillness. This is normal — it is the nervous system purging stored activation. Always close a Pluto application with the Earth Day (Root) fork to restore ground, and the Heart (Earth Year) fork to re-establish safety.",
      "color": "#F87171",
      "hz": "140.25",
      "nervePlexus": "Deep Pelvic Plexus (Inferior Hypogastric Plexus) + Cellular Autonomic Nerve Endings",
      "note": "C#",
      "planet": "Pluto",
      "vagusConnection": "Indirect — pelvic parasympathetic nerves (S2-S4 pelvic splanchnic) mirror and complement vagal function in the lower body. The pelvic parasympathetics are the sacral vagus.",
      "vagusStrength": "Medium — via pelvic parasympathetic pathway (sacral vagus analog)",
    },
    "holdSec": 50,
    "hz": 140.25,
    "idx": 21,
    "phaseLabel": "Descent · Scorpio · Pelvis & sacrum",
    "planet": "Pluto",
    "purpose": "returning — a lighter pass at the pelvis & sacrum",
    "role": "signalFork",
    "sign": "Scorpio",
    "slotLabel": "signal",
    "startSec": 1700,
  },
  {
    "fork": {
      "ANSEffect": "Parasympathetic — vagal hepatic stimulation supports liver detoxification processes, bile flow, and the emotional release patterns held in the liver according to both Eastern medicine and somatic psychology.",
      "boneApplicationPoint": "Right lateral ribs (over the liver, ribs 7-10), T8-T10 thoracic vertebrae",
      "brainwaveAffinity": "Alpha-Beta bridge (10–15 Hz)",
      "brainwaveState": "Metabolic ease, expansive mental states, digestive activation, liver-emotion processing (anger/frustration release)",
      "chakra": "Crown",
      "clinicalNote": "In Chinese medicine, the liver stores unexpressed anger and frustration. In anatomy, the liver is the largest internal organ and a primary site of metabolic processing. The Jupiter fork at the right lateral ribs activates both the hepatic vagal pathway and the somatic release of stored liver tension. Clients may experience a spontaneous exhale, warmth, or emotional softening.",
      "color": "#818CF8",
      "hz": "183.58",
      "nervePlexus": "Hepatic Plexus + Splenic Plexus (liver and digestive organ innervation)",
      "note": "F#",
      "planet": "Jupiter",
      "solfeggioFallback": 963,
      "vagusConnection": "Direct — the vagus nerve innervates the liver directly via the hepatic branch. This is a primary vagal organ target.",
      "vagusStrength": "Medium-High — hepatic vagal branch",
    },
    "holdSec": 50,
    "hz": 183.58,
    "idx": 22,
    "phaseLabel": "Descent · Sagittarius · Hips & thighs",
    "planet": "Jupiter",
    "purpose": "returning — a lighter pass at the hips & thighs",
    "role": "signalFork",
    "sign": "Sagittarius",
    "slotLabel": "signal",
    "startSec": 1750,
  },
  {
    "fork": {
      "ANSEffect": "Deep parasympathetic — activates the slow-wave, deeply held nervous system patterns stored in bone tissue and periosteal nerve endings. Saturn governs the skeleton — which is the body's physical frame and its most ancient biological memory system.",
      "boneApplicationPoint": "Femur shaft, tibia, sternum, and cranial sutures — long bones and structural bones of the skeleton",
      "brainwaveAffinity": "Delta-Theta bridge (2–6 Hz)",
      "brainwaveState": "Deep structural healing, somatic memory in bone tissue, ancestral body patterns, skeletal system reset",
      "chakra": "Extended",
      "clinicalNote": "Bones store trauma. This is now supported by research showing that osteocalcin (a hormone secreted by bone cells) regulates stress responses and memory. Saturn frequency applied via bone conduction accesses the most deeply held somatic patterns. Appropriate for clients working on ancestral trauma, chronic structural pain, or deeply rooted nervous system dysregulation.",
      "color": "#94A3B8",
      "hz": "147.85",
      "nervePlexus": "Periosteal Nerve Endings + Deep Somatic Sensory Pathways (bone innervation)",
      "note": "D#",
      "planet": "Saturn",
      "vagusConnection": "Indirect — deep somatic afferent pathways ascending to vagal nuclei",
      "vagusStrength": "Low — deep structural pathway",
    },
    "holdSec": 50,
    "hz": 147.85,
    "idx": 23,
    "phaseLabel": "Descent · Capricorn · Knees & bones",
    "planet": "Saturn",
    "purpose": "returning — a lighter pass at the knees & bones",
    "role": "signalFork",
    "sign": "Capricorn",
    "slotLabel": "signal",
    "startSec": 1800,
  },
  {
    "fork": {
      "ANSEffect": "Neural activation — Uranus stimulates the peripheral nervous system's electrical conduction capacity. Applied to the forearms or clavicle, it activates the brachial plexus and promotes neural flexibility. Use when a client is stuck in a fixed pattern, cognitively rigid, or needing a circuit-breaker shift.",
      "boneApplicationPoint": "Ulna and radius (forearms), clavicle, scapula, C7 (prominent cervical vertebra)",
      "brainwaveAffinity": "Gamma (30–100 Hz carrier)",
      "brainwaveState": "Neural plasticity, sudden insight, pattern disruption, synaptic reorganization, electrical neural activation",
      "chakra": "Extended",
      "clinicalNote": "Uranus is the great disruptor. In nervous system terms, it promotes neuroplasticity — the brain's ability to form new pathways. Apply to both forearms simultaneously when possible, or alternate. The electrical sensation of the Uranus fork along the arm's neural pathways is often the most physically noticeable of all the Sacred Tones forks.",
      "color": "#38BDF8",
      "hz": "207.36",
      "nervePlexus": "Brachial Plexus + Peripheral Nervous System — electrical conduction pathways",
      "note": "G#",
      "planet": "Uranus",
      "vagusConnection": "Indirect — through peripheral sensory integration and ascending neural input",
      "vagusStrength": "Low",
    },
    "holdSec": 50,
    "hz": 207.36,
    "idx": 24,
    "phaseLabel": "Descent · Aquarius · Ankles & calves",
    "planet": "Uranus",
    "purpose": "returning — a lighter pass at the ankles & calves",
    "role": "signalFork",
    "sign": "Aquarius",
    "slotLabel": "signal",
    "startSec": 1850,
  },
  {
    "fork": {
      "ANSEffect": "Deep parasympathetic — the limbic system is the emotional brain. Neptune's frequency through the temporal bones activates the limbic-vagal circuit, which governs emotional memory release, spiritual experience, and the nervous system states associated with deep meditation and visionary work.",
      "boneApplicationPoint": "Temporal bones, sphenoid base, occipital base — cranial base bones",
      "brainwaveAffinity": "Theta-Delta bridge (3–7 Hz)",
      "brainwaveState": "Dream-adjacent states, spiritual vision, emotional memory integration, subconscious healing, dissolution of ego-boundaries",
      "chakra": "Third Eye",
      "clinicalNote": "Neptune is the frequency of the unseen and the deeply felt. Apply very gently to the temporal bones or hold the vibrating fork in the field near the ears without contact. Many clients report visual imagery, emotional release, or dream-like states. This is the appropriate frequency for trauma integration work where direct body contact may feel too activating.",
      "color": "#C084FC",
      "hz": "211.44",
      "nervePlexus": "Pineal-Hypothalamic Axis + Limbic System (amygdala, hippocampus, thalamus)",
      "note": "G#",
      "planet": "Neptune",
      "solfeggioFallback": 852,
      "vagusConnection": "Direct — limbic-vagal circuits govern emotional memory, spiritual experience, and the integration of conscious and unconscious nervous system states",
      "vagusStrength": "Medium — via limbic-vagal pathway",
    },
    "holdSec": 50,
    "hz": 211.44,
    "idx": 25,
    "phaseLabel": "Descent · Pisces · Feet",
    "planet": "Neptune",
    "purpose": "returning — a lighter pass at the feet",
    "role": "signalFork",
    "sign": "Pisces",
    "slotLabel": "signal",
    "startSec": 1900,
  },
  {
    "fork": null,
    "holdSec": 150,
    "hz": 136.1,
    "idx": 26,
    "phaseLabel": "Earth Close",
    "planet": "Earth",
    "purpose": "ground the ladder before completion",
    "role": "earthClose",
    "slotLabel": "ground",
    "startSec": 1950,
  },
]
`;
